[mono.flatheme.net/home/business-7.html]
[backblue.gif]
[fade.gif]
[index.html]
[mono.flatheme.net/assets/images/favicon.png]
[mono.flatheme.net/assets/plugins/bootstrap/bootstrap.min.css]
[mono.flatheme.net/assets/plugins/owl-carousel/owl.carousel.min.css]
[mono.flatheme.net/assets/plugins/owl-carousel/owl.theme.default.min.css]
[mono.flatheme.net/assets/plugins/magnific-popup/magnific-popup.min.css]
[mono.flatheme.net/assets/plugins/scrollcue/scrollcue.css]
[mono.flatheme.net/assets/plugins/swiper/swiper-bundle.min.css]
[mono.flatheme.net/assets/css/theme.min.css]
[mono.flatheme.net/assets/plugins/bootstrap-icons/bootstrap-icons.css]
[mono.flatheme.net/assets/plugins/font-awesome/css/all.css]
[mono.flatheme.net/home/business-1.html]
[mono.flatheme.net/home/business-2.html]
[mono.flatheme.net/home/business-3.html]
[mono.flatheme.net/home/business-4.html]
[mono.flatheme.net/home/business-5.html]
[mono.flatheme.net/home/business-6.html]
[mono.flatheme.net/home/business-8.html]
[mono.flatheme.net/home/business-9.html]
[mono.flatheme.net/home/business-10.html]
[mono.flatheme.net/home/business-11.html]
[mono.flatheme.net/home/corporate-1.html]
[mono.flatheme.net/home/corporate-2.html]
[mono.flatheme.net/home/corporate-3.html]
[mono.flatheme.net/home/corporate-4.html]
[mono.flatheme.net/home/corporate-5.html]
[mono.flatheme.net/home/corporate-6.html]
[mono.flatheme.net/home/corporate-7.html]
[mono.flatheme.net/home/creative-agency-1.html]
[mono.flatheme.net/home/creative-agency-2.html]
[mono.flatheme.net/home/creative-agency-3.html]
[mono.flatheme.net/home/creative-agency-4.html]
[mono.flatheme.net/home/creative-agency-5.html]
[mono.flatheme.net/home/creative-agency-6.html]
[mono.flatheme.net/home/mobile-app.html]
[mono.flatheme.net/home/product-landing.html]
[mono.flatheme.net/home/seo-agency.html]
[mono.flatheme.net/home/saas-1.html]
[mono.flatheme.net/home/saas-2.html]
[mono.flatheme.net/home/web-app.html]
[mono.flatheme.net/home/media-agency-1.html]
[mono.flatheme.net/home/media-agency-2.html]
[mono.flatheme.net/home/media-agency-3.html]
[mono.flatheme.net/home/media-agency-4.html]
[mono.flatheme.net/home/media-agency-5.html]
[mono.flatheme.net/home/media-agency-6.html]
[mono.flatheme.net/home/portfolio-1.html]
[mono.flatheme.net/home/portfolio-2.html]
[mono.flatheme.net/home/portfolio-3.html]
[mono.flatheme.net/home/portfolio-4.html]
[mono.flatheme.net/home/portfolio-5.html]
[mono.flatheme.net/home/portfolio-6.html]
[mono.flatheme.net/home/artist.html]
[mono.flatheme.net/home/designer.html]
[mono.flatheme.net/home/freelancer.html]
[mono.flatheme.net/home/photographer-1.html]
[mono.flatheme.net/home/photographer-2.html]
[mono.flatheme.net/home/photographer-3.html]
[mono.flatheme.net/home/photographer-4.html]
[mono.flatheme.net/home/photographer-5.html]
[mono.flatheme.net/home/resume-1.html]
[mono.flatheme.net/home/resume-2.html]
[mono.flatheme.net/home/resume-3.html]
[mono.flatheme.net/home/startup-1.html]
[mono.flatheme.net/home/startup-2.html]
[mono.flatheme.net/home/studio-1.html]
[mono.flatheme.net/home/studio-2.html]
[mono.flatheme.net/home/blog-1.html]
[mono.flatheme.net/home/blog-2.html]
[mono.flatheme.net/home/blog-3.html]
[mono.flatheme.net/home/blog-4.html]
[mono.flatheme.net/home/blog-5.html]
[mono.flatheme.net/home/onepage-1.html]
[mono.flatheme.net/home/onepage-2.html]
[mono.flatheme.net/home/onepage-personal.html]
[mono.flatheme.net/home/cafe.html]
[mono.flatheme.net/home/construction.html]
[mono.flatheme.net/home/coworking.html]
[mono.flatheme.net/home/developer.html]
[mono.flatheme.net/home/event.html]
[mono.flatheme.net/home/human-resources.html]
[mono.flatheme.net/home/interior-design.html]
[mono.flatheme.net/home/it-services.html]
[mono.flatheme.net/home/restaurant.html]
[mono.flatheme.net/home/travel.html]
[mono.flatheme.net/assets/images/business-1-parallax.jpg]
[mono.flatheme.net/assets/images/business-7-about.jpg]
[mono.flatheme.net/assets/images/testimonial-1.jpg]
[mono.flatheme.net/assets/images/testimonial-2.jpg]
[mono.flatheme.net/assets/images/testimonial-3.jpg]
[mono.flatheme.net/assets/images/testimonial-4.jpg]
[mono.flatheme.net/assets/images/client-1.png]
[mono.flatheme.net/assets/images/client-2.png]
[mono.flatheme.net/assets/images/client-3.png]
[mono.flatheme.net/assets/images/client-4.png]
[mono.flatheme.net/assets/images/client-5.png]
[mono.flatheme.net/assets/images/client-6.png]
[mono.flatheme.net/assets/images/client-7.png]
[mono.flatheme.net/assets/images/business-4-short.jpg]
[mono.flatheme.net/assets/images/business-4-about-1.jpg]
[mono.flatheme.net/assets/images/business-4-about-2.jpg]
[mono.flatheme.net/assets/plugins/jquery.min.js]
[mono.flatheme.net/home/business-7.html]
[mono.flatheme.net/assets/plugins/bootstrap/bootstrap.min.css]
[mono.flatheme.net/assets/js/functions.min.js]
[mono.flatheme.net/assets/plugins/plugins.js]
[mono.flatheme.net/assets/plugins/owl-carousel/owl.video.play.png]
[mono.flatheme.net/assets/plugins/owl-carousel/owl.carousel.min.css]
[mono.flatheme.net/assets/plugins/owl-carousel/owl.theme.default.min.css]
[mono.flatheme.net/assets/plugins/magnific-popup/magnific-popup.min.css]
[mono.flatheme.net/assets/plugins/scrollcue/scrollcue.css]
[mono.flatheme.net/assets/plugins/swiper/swiper-bundle.min.css]
[mono.flatheme.net/assets/css/theme.min.css]
[mono.flatheme.net/assets/plugins/bootstrap-icons/fonts/bootstrap-icons04d5.woff2]
[mono.flatheme.net/assets/plugins/bootstrap-icons/fonts/bootstrap-icons04d5.woff]
[mono.flatheme.net/assets/plugins/bootstrap-icons/bootstrap-icons.css]
[mono.flatheme.net/assets/plugins/font-awesome/css/all.css]
[mono.flatheme.net/assets/images/about-short.jpg]
[mono.flatheme.net/assets/images/blog-full-1.jpg]
[mono.flatheme.net/assets/images/blog-full-2.jpg]
[mono.flatheme.net/assets/images/blog-full-3.jpg]
[mono.flatheme.net/home/business-1.html]
[mono.flatheme.net/assets/images/business-minimal-home.jpg]
[mono.flatheme.net/assets/images/client-1-light.png]
[mono.flatheme.net/assets/images/client-2-light.png]
[mono.flatheme.net/assets/images/client-3-light.png]
[mono.flatheme.net/assets/images/client-4-light.png]
[mono.flatheme.net/assets/images/client-5-light.png]
[mono.flatheme.net/assets/images/client-6-light.png]
[mono.flatheme.net/assets/images/client-7-light.png]
[mono.flatheme.net/assets/images/business-creative-about-1.jpg]
[mono.flatheme.net/assets/images/business-creative-about-3.jpg]
[mono.flatheme.net/assets/images/business-minimal-parallax.jpg]
[mono.flatheme.net/home/business-2.html]
[mono.flatheme.net/assets/images/business-1-slide-1.jpg]
[mono.flatheme.net/assets/images/business-bg-1.jpg]
[mono.flatheme.net/assets/images/corporate-clean-gallery-1.jpg]
[mono.flatheme.net/assets/images/business-10-hero.jpg]
[mono.flatheme.net/assets/images/testimonial-5.jpg]
[mono.flatheme.net/home/business-3.html]
[mono.flatheme.net/assets/images/client-8.png]
[mono.flatheme.net/assets/images/business-11-vector-2.jpg]
[mono.flatheme.net/home/business-4.html]
[mono.flatheme.net/assets/images/business-consulting-bg-new.jpg]
[mono.flatheme.net/assets/images/business-10-about.jpg]
[mono.flatheme.net/home/business-5.html]
[mono.flatheme.net/assets/images/business-creative-about-2.jpg]
[mono.flatheme.net/assets/images/business-simple-1-bg.jpg]
[mono.flatheme.net/home/business-6.html]
[mono.flatheme.net/assets/images/business-simple-1-about-1.jpg]
[mono.flatheme.net/assets/images/business-simple-1-about-2.jpg]
[mono.flatheme.net/assets/images/business-simple-1-parallax.jpg]
[mono.flatheme.net/home/business-8.html]
[mono.flatheme.net/assets/images/business-creative-2-home.jpg]
[mono.flatheme.net/assets/images/business-creative-2-about-1.jpg]
[mono.flatheme.net/assets/images/business-creative-2-about-2.jpg]
[mono.flatheme.net/assets/images/business-creative-2-about-3.jpg]
[mono.flatheme.net/assets/images/business-creative-2-parallax.jpg]
[mono.flatheme.net/home/business-9.html]
[mono.flatheme.net/assets/images/business-10-parallax.jpg]
[mono.flatheme.net/home/business-10.html]
[mono.flatheme.net/assets/images/business-11-vector-1.png]
[mono.flatheme.net/assets/images/startup-team-1.jpg]
[mono.flatheme.net/assets/images/startup-team-2.jpg]
[mono.flatheme.net/assets/images/startup-team-3.jpg]
[mono.flatheme.net/assets/images/startup-team-4.jpg]
[mono.flatheme.net/assets/images/startup-team-5.jpg]
[mono.flatheme.net/assets/images/startup-team-6.jpg]
[mono.flatheme.net/home/business-11.html]
[mono.flatheme.net/assets/images/corporate-classic-home-1.jpg]
[mono.flatheme.net/assets/images/corporate-classic-home-2.jpg]
[mono.flatheme.net/assets/images/corp-clean-2-about.jpg]
[mono.flatheme.net/assets/images/corporate-facts-bg.jpg]
[mono.flatheme.net/assets/images/blog-clean-post-1.jpg]
[mono.flatheme.net/assets/images/blog-clean-post-2.jpg]
[mono.flatheme.net/assets/images/blog-clean-post-3.jpg]
[mono.flatheme.net/assets/images/corporate-classic-parallax.jpg]
[mono.flatheme.net/home/corporate-1.html]
[mono.flatheme.net/assets/images/corp-clean-2-bg.jpg]
[mono.flatheme.net/assets/images/corporate-5-about.jpg]
[mono.flatheme.net/home/corporate-2.html]
[mono.flatheme.net/assets/images/corporate-clean-bg-new.jpg]
[mono.flatheme.net/assets/images/corporate-5-about-2.jpg]
[mono.flatheme.net/home/corporate-3.html]
[mono.flatheme.net/assets/images/corporate-minimal-about.jpg]
[mono.flatheme.net/assets/images/corporate-clean-2-parallax.jpg]
[mono.flatheme.net/home/corporate-4.html]
[mono.flatheme.net/assets/images/corporate-5-hero.jpg]
[mono.flatheme.net/assets/images/corporate-5-parallax.jpg]
[mono.flatheme.net/home/corporate-5.html]
[mono.flatheme.net/assets/images/corporate-6-hero.jpg]
[mono.flatheme.net/home/corporate-6.html]
[mono.flatheme.net/home/corporate-7.html]
[mono.flatheme.net/assets/images/agency-creative-bg.jpg]
[mono.flatheme.net/assets/images/agency-creative-1.jpg]
[mono.flatheme.net/assets/images/agency-creative-2.jpg]
[mono.flatheme.net/assets/images/agency-creative-3.jpg]
[mono.flatheme.net/assets/images/agency-creative-4.jpg]
[mono.flatheme.net/assets/images/agency-creative-5.jpg]
[mono.flatheme.net/assets/images/agency-creative-6.jpg]
[mono.flatheme.net/assets/images/client-8-light.png]
[mono.flatheme.net/assets/images/agency-creative-2-home.jpg]
[mono.flatheme.net/assets/images/agency-creative-1-team-1.jpg]
[mono.flatheme.net/assets/images/agency-creative-1-team-2.jpg]
[mono.flatheme.net/assets/images/agency-creative-1-team-3.jpg]
[mono.flatheme.net/home/creative-agency-1.html]
[mono.flatheme.net/assets/images/agency-clean-2-p1.jpg]
[mono.flatheme.net/assets/images/agency-clean-2-p2.jpg]
[mono.flatheme.net/assets/images/agency-clean-2-p3.jpg]
[mono.flatheme.net/assets/images/agency-clean-2-p4.jpg]
[mono.flatheme.net/assets/images/agency-clean-2-p5.jpg]
[mono.flatheme.net/assets/images/agency-clean-2-p6.jpg]
[mono.flatheme.net/assets/images/agency-clean-bg.jpg]
[mono.flatheme.net/home/creative-agency-2.html]
[mono.flatheme.net/assets/images/portfolio-classic-1.jpg]
[mono.flatheme.net/assets/images/portfolio-classic-2.jpg]
[mono.flatheme.net/assets/images/portfolio-classic-4.jpg]
[mono.flatheme.net/assets/images/portfolio-classic-3.jpg]
[mono.flatheme.net/assets/images/agency-minimal-split.jpg]
[mono.flatheme.net/home/creative-agency-3.html]
[mono.flatheme.net/assets/images/portfolio-simple-2-p1.jpg]
[mono.flatheme.net/assets/images/portfolio-simple-2-p2.jpg]
[mono.flatheme.net/assets/images/portfolio-simple-2-p3.jpg]
[mono.flatheme.net/assets/images/portfolio-simple-2-p4.jpg]
[mono.flatheme.net/assets/images/portfolio-simple-2-p5.jpg]
[mono.flatheme.net/assets/images/portfolio-simple-2-p6.jpg]
[mono.flatheme.net/home/creative-agency-4.html]
[mono.flatheme.net/assets/images/about-square-2.jpg]
[mono.flatheme.net/assets/images/agency-minimal-2-services-1.jpg]
[mono.flatheme.net/assets/images/agency-minimal-2-services-2.jpg]
[mono.flatheme.net/assets/images/agency-minimal-2-services-3.jpg]
[mono.flatheme.net/assets/images/portfolio-personal-2-p5.jpg]
[mono.flatheme.net/assets/images/portfolio-personal-2-p2.jpg]
[mono.flatheme.net/assets/images/portfolio-personal-2-p4.jpg]
[mono.flatheme.net/assets/images/agency-minimal-2-facts.jpg]
[mono.flatheme.net/home/creative-agency-5.html]
[mono.flatheme.net/assets/images/creative-p-1.jpg]
[mono.flatheme.net/assets/images/creative-p-2.jpg]
[mono.flatheme.net/assets/images/creative-p-3.jpg]
[mono.flatheme.net/assets/images/creative-p-4.jpg]
[mono.flatheme.net/home/creative-agency-6.html]
[mono.flatheme.net/assets/images/mobile-app-hero-cut.png]
[mono.flatheme.net/assets/images/mobile-tile-1.jpg]
[mono.flatheme.net/assets/images/mobile-tile-3.jpg]
[mono.flatheme.net/assets/images/mobile-tile-2.jpg]
[mono.flatheme.net/home/mobile-app.html]
[mono.flatheme.net/assets/images/product-landing-bg.jpg]
[mono.flatheme.net/assets/images/product-landing-about.png]
[mono.flatheme.net/assets/images/product-landing-slider-1.png]
[mono.flatheme.net/assets/images/product-landing-slider-2.png]
[mono.flatheme.net/assets/images/product-landing-slider-3.png]
[mono.flatheme.net/assets/images/product-landing-slider-4.png]
[mono.flatheme.net/assets/images/product-landing-parallax.jpg]
[mono.flatheme.net/home/product-landing.html]
[mono.flatheme.net/assets/images/seo-agency-hero.jpg]
[mono.flatheme.net/assets/images/seo-agency-about.jpg]
[mono.flatheme.net/home/seo-agency.html]
[mono.flatheme.net/assets/images/software-landing-about.jpg]
[mono.flatheme.net/home/saas-1.html]
[mono.flatheme.net/assets/images/saas-2-hero.png]
[mono.flatheme.net/assets/images/saas-vector.jpg]
[mono.flatheme.net/home/saas-2.html]
[mono.flatheme.net/assets/images/mockup-1.png]
[mono.flatheme.net/assets/images/app-landing-shot-1.jpg]
[mono.flatheme.net/assets/images/app-landing-shot-2.jpg]
[mono.flatheme.net/assets/images/app-landing-shot-3.jpg]
[mono.flatheme.net/assets/images/app-landing-shot-4.jpg]
[mono.flatheme.net/assets/images/app-landing-shot-5.jpg]
[mono.flatheme.net/assets/images/mockup-3.png]
[mono.flatheme.net/home/web-app.html]
[mono.flatheme.net/assets/images/portfolio-minimal-1.jpg]
[mono.flatheme.net/assets/images/portfolio-minimal-2.jpg]
[mono.flatheme.net/assets/images/portfolio-minimal-3.jpg]
[mono.flatheme.net/assets/images/portfolio-minimal-4.jpg]
[mono.flatheme.net/assets/images/portfolio-minimal-5.jpg]
[mono.flatheme.net/assets/images/portfolio-minimal-6.jpg]
[mono.flatheme.net/assets/images/agency-clean-bg-2.jpg]
[mono.flatheme.net/home/media-agency-1.html]
[mono.flatheme.net/assets/images/agency-classic-bg.jpg]
[mono.flatheme.net/assets/images/agency-classic-bg-2.jpg]
[mono.flatheme.net/home/media-agency-2.html]
[mono.flatheme.net/assets/images/about-square.jpg]
[mono.flatheme.net/assets/images/agency-creative-2-parallax.jpg]
[mono.flatheme.net/home/media-agency-3.html]
[mono.flatheme.net/assets/images/agency-creative-3-facts.jpg]
[mono.flatheme.net/assets/images/agency-creative-3-p1.jpg]
[mono.flatheme.net/assets/images/agency-creative-3-p2.jpg]
[mono.flatheme.net/assets/images/agency-creative-3-p3.jpg]
[mono.flatheme.net/assets/images/agency-creative-3-p4.jpg]
[mono.flatheme.net/assets/images/agency-creative-3-parallax.jpg]
[mono.flatheme.net/home/media-agency-4.html]
[mono.flatheme.net/assets/images/agency-10-hero.jpg]
[mono.flatheme.net/assets/images/agency-10-parallax.jpg]
[mono.flatheme.net/home/media-agency-5.html]
[mono.flatheme.net/assets/images/media-agency-6-vector.jpg]
[mono.flatheme.net/home/media-agency-6.html]
[mono.flatheme.net/assets/images/portfolio-classic-bg.jpg]
[mono.flatheme.net/assets/images/portfolio-classic-5.jpg]
[mono.flatheme.net/assets/images/portfolio-classic-6.jpg]
[mono.flatheme.net/home/portfolio-1.html]
[mono.flatheme.net/home/portfolio-2.html]
[mono.flatheme.net/home/portfolio-3.html]
[mono.flatheme.net/assets/images/portfolio-m-1.jpg]
[mono.flatheme.net/assets/images/portfolio-m-2.jpg]
[mono.flatheme.net/assets/images/portfolio-m-3.jpg]
[mono.flatheme.net/assets/images/portfolio-m-4.jpg]
[mono.flatheme.net/assets/images/portfolio-m-5.jpg]
[mono.flatheme.net/home/portfolio-4.html]
[mono.flatheme.net/assets/images/portfolio-5-avatar.jpg]
[mono.flatheme.net/assets/images/portfolio-personal-2-p1.jpg]
[mono.flatheme.net/assets/images/portfolio-personal-2-p3.jpg]
[mono.flatheme.net/assets/images/portfolio-personal-2-p6.jpg]
[mono.flatheme.net/home/portfolio-5.html]
[mono.flatheme.net/assets/images/p-6-1.jpg]
[mono.flatheme.net/assets/images/p-6-2.jpg]
[mono.flatheme.net/assets/images/p-6-3.jpg]
[mono.flatheme.net/assets/images/p-6-4.jpg]
[mono.flatheme.net/assets/images/p-6-5.jpg]
[mono.flatheme.net/assets/images/p-6-6.jpg]
[mono.flatheme.net/home/portfolio-6.html]
[mono.flatheme.net/assets/images/artist-avatar.jpg]
[mono.flatheme.net/assets/images/artist-p-1.jpg]
[mono.flatheme.net/assets/images/artist-p-2.jpg]
[mono.flatheme.net/assets/images/artist-p-3.jpg]
[mono.flatheme.net/assets/images/artist-p-4.jpg]
[mono.flatheme.net/home/artist.html]
[mono.flatheme.net/assets/images/designer-1.jpg]
[mono.flatheme.net/assets/images/designer-2.jpg]
[mono.flatheme.net/assets/images/designer-3.jpg]
[mono.flatheme.net/assets/images/designer-4.jpg]
[mono.flatheme.net/assets/images/designer-5.jpg]
[mono.flatheme.net/assets/images/designer-6.jpg]
[mono.flatheme.net/assets/images/designer-7.jpg]
[mono.flatheme.net/assets/images/designer-8.jpg]
[mono.flatheme.net/assets/images/designer-9.jpg]
[mono.flatheme.net/assets/images/designer-10.jpg]
[mono.flatheme.net/assets/images/designer-11.jpg]
[mono.flatheme.net/assets/images/designer-12.jpg]
[mono.flatheme.net/home/designer.html]
[mono.flatheme.net/assets/images/freelancer-avatar.jpg]
[mono.flatheme.net/home/freelancer.html]
[mono.flatheme.net/assets/images/photographer-classic-slider-1.jpg]
[mono.flatheme.net/assets/images/photographer-classic-slider-2.jpg]
[mono.flatheme.net/assets/images/photographer-classic-slider-3.jpg]
[mono.flatheme.net/assets/images/photographer-classic-1.jpg]
[mono.flatheme.net/assets/images/photographer-classic-2.jpg]
[mono.flatheme.net/assets/images/photographer-classic-3.jpg]
[mono.flatheme.net/assets/images/photographer-classic-4.jpg]
[mono.flatheme.net/assets/images/photographer-classic-5.jpg]
[mono.flatheme.net/assets/images/photographer-classic-6.jpg]
[mono.flatheme.net/home/photographer-1.html]
[mono.flatheme.net/assets/images/photographer-creative-bg.jpg]
[mono.flatheme.net/assets/images/blog-minimal-avatar.jpg]
[mono.flatheme.net/assets/images/photographer-creative-1.jpg]
[mono.flatheme.net/assets/images/photographer-creative-2.jpg]
[mono.flatheme.net/assets/images/photographer-creative-3.jpg]
[mono.flatheme.net/assets/images/photographer-creative-4.jpg]
[mono.flatheme.net/home/photographer-2.html]
[mono.flatheme.net/assets/images/photographer-clean-16.jpg]
[mono.flatheme.net/assets/images/photographer-clean-15.jpg]
[mono.flatheme.net/assets/images/photographer-clean-14.jpg]
[mono.flatheme.net/assets/images/photographer-clean-13.jpg]
[mono.flatheme.net/assets/images/photographer-clean-12.jpg]
[mono.flatheme.net/assets/images/photographer-clean-11.jpg]
[mono.flatheme.net/assets/images/photographer-clean-10.jpg]
[mono.flatheme.net/assets/images/photographer-clean-9.jpg]
[mono.flatheme.net/assets/images/photographer-clean-8.jpg]
[mono.flatheme.net/assets/images/photographer-clean-7.jpg]
[mono.flatheme.net/assets/images/photographer-clean-6.jpg]
[mono.flatheme.net/assets/images/photographer-clean-5.jpg]
[mono.flatheme.net/assets/images/photographer-clean-4.jpg]
[mono.flatheme.net/assets/images/photographer-clean-3.jpg]
[mono.flatheme.net/assets/images/photographer-clean-2.jpg]
[mono.flatheme.net/assets/images/photographer-clean-1.jpg]
[mono.flatheme.net/home/photographer-3.html]
[mono.flatheme.net/assets/images/photographer-minimal-1.jpg]
[mono.flatheme.net/assets/images/photographer-minimal-2.jpg]
[mono.flatheme.net/assets/images/photographer-minimal-3.jpg]
[mono.flatheme.net/assets/images/photographer-minimal-4.jpg]
[mono.flatheme.net/assets/images/photographer-minimal-5.jpg]
[mono.flatheme.net/assets/images/photographer-minimal-6.jpg]
[mono.flatheme.net/assets/images/photographer-minimal-7.jpg]
[mono.flatheme.net/assets/images/photographer-minimal-8.jpg]
[mono.flatheme.net/assets/images/photographer-minimal-9.jpg]
[mono.flatheme.net/home/photographer-4.html]
[mono.flatheme.net/assets/images/p-gallery-1.jpg]
[mono.flatheme.net/assets/images/p-gallery-2.jpg]
[mono.flatheme.net/assets/images/p-gallery-3.jpg]
[mono.flatheme.net/assets/images/p-gallery-4.jpg]
[mono.flatheme.net/assets/images/p-gallery-5.jpg]
[mono.flatheme.net/assets/images/p-gallery-6.jpg]
[mono.flatheme.net/assets/images/p-gallery-7.jpg]
[mono.flatheme.net/assets/images/p-gallery-8.jpg]
[mono.flatheme.net/assets/images/p-gallery-9.jpg]
[mono.flatheme.net/home/photographer-5.html]
[mono.flatheme.net/assets/images/resume-bg.jpg]
[mono.flatheme.net/assets/images/resume-avatar.jpg]
[mono.flatheme.net/assets/images/resume-1.jpg]
[mono.flatheme.net/assets/images/resume-2.jpg]
[mono.flatheme.net/assets/images/resume-3.jpg]
[mono.flatheme.net/assets/images/resume-4.jpg]
[mono.flatheme.net/assets/images/resume-5.jpg]
[mono.flatheme.net/assets/images/resume-6.jpg]
[mono.flatheme.net/assets/images/resume-parallax.jpg]
[mono.flatheme.net/home/resume-1.html]
[mono.flatheme.net/assets/images/resume-2-bg.jpg]
[mono.flatheme.net/assets/images/resume-2-avatar.jpg]
[mono.flatheme.net/home/resume-2.html]
[mono.flatheme.net/assets/images/resume-3-avatar.jpg]
[mono.flatheme.net/home/resume-3.html]
[mono.flatheme.net/assets/images/agency-clean-2-bg.jpg]
[mono.flatheme.net/assets/images/startup-feature-1.jpg]
[mono.flatheme.net/assets/images/startup-feature-2.jpg]
[mono.flatheme.net/assets/images/startup-feature-3.jpg]
[mono.flatheme.net/assets/images/agency-minimal-2-p1.jpg]
[mono.flatheme.net/assets/images/agency-minimal-2-p2.jpg]
[mono.flatheme.net/assets/images/agency-minimal-2-p3.jpg]
[mono.flatheme.net/assets/images/agency-minimal-2-p4.jpg]
[mono.flatheme.net/assets/images/startup-parallax.jpg]
[mono.flatheme.net/home/startup-1.html]
[mono.flatheme.net/home/startup-2.html]
[mono.flatheme.net/assets/images/studio-1-bg.jpg]
[mono.flatheme.net/assets/images/studio-about-1.jpg]
[mono.flatheme.net/assets/images/studio-about-2.jpg]
[mono.flatheme.net/assets/images/studio-about-3.jpg]
[mono.flatheme.net/assets/images/studio-parallax.jpg]
[mono.flatheme.net/home/studio-1.html]
[mono.flatheme.net/assets/images/studio-2-slider-1.jpg]
[mono.flatheme.net/assets/images/studio-2-slider-2.jpg]
[mono.flatheme.net/assets/images/studio-2-slider-3.jpg]
[mono.flatheme.net/assets/images/studio-2-about-2.jpg]
[mono.flatheme.net/assets/images/studio-2-about-3.jpg]
[mono.flatheme.net/home/studio-2.html]
[mono.flatheme.net/assets/images/blog-classic-slider-1.jpg]
[mono.flatheme.net/assets/images/blog-classic-slider-2.jpg]
[mono.flatheme.net/assets/images/blog-classic-category-1.jpg]
[mono.flatheme.net/assets/images/blog-classic-category-2.jpg]
[mono.flatheme.net/assets/images/blog-classic-category-3.jpg]
[mono.flatheme.net/assets/images/blog-big-post.jpg]
[mono.flatheme.net/assets/images/blog-minimal-post-2.jpg]
[mono.flatheme.net/assets/images/blog-minimal-post-3.jpg]
[mono.flatheme.net/assets/images/popular-post-1.jpg]
[mono.flatheme.net/assets/images/popular-post-2.jpg]
[mono.flatheme.net/assets/images/popular-post-3.jpg]
[mono.flatheme.net/assets/images/blog-banner.jpg]
[mono.flatheme.net/home/blog-1.html]
[mono.flatheme.net/assets/images/blog-clean-category-1.jpg]
[mono.flatheme.net/assets/images/blog-clean-category-2.jpg]
[mono.flatheme.net/assets/images/blog-clean-category-3.jpg]
[mono.flatheme.net/home/blog-2.html]
[mono.flatheme.net/assets/images/blog-clean-2-category-1.jpg]
[mono.flatheme.net/assets/images/blog-clean-2-category-2.jpg]
[mono.flatheme.net/assets/images/blog-clean-2-category-3.jpg]
[mono.flatheme.net/assets/images/blog-clean-2-category-4.jpg]
[mono.flatheme.net/assets/images/blog-clean-2-post-1.jpg]
[mono.flatheme.net/assets/images/blog-clean-2-post-2.jpg]
[mono.flatheme.net/assets/images/blog-clean-2-post-3.jpg]
[mono.flatheme.net/home/blog-3.html]
[mono.flatheme.net/assets/images/blog-minimal-post-1.jpg]
[mono.flatheme.net/home/blog-4.html]
[mono.flatheme.net/assets/images/blog-6-hero-1.jpg]
[mono.flatheme.net/assets/images/blog-6-hero-2.jpg]
[mono.flatheme.net/assets/images/blog-6-hero-3.jpg]
[mono.flatheme.net/assets/images/blog-6-post-1.jpg]
[mono.flatheme.net/assets/images/blog-6-post-2.jpg]
[mono.flatheme.net/assets/images/blog-6-post-3.jpg]
[mono.flatheme.net/assets/images/blog-6-post-4.jpg]
[mono.flatheme.net/assets/images/blog-6-post-5.jpg]
[mono.flatheme.net/assets/images/blog-6-post-6.jpg]
[mono.flatheme.net/home/blog-5.html]
[mono.flatheme.net/assets/images/onepage-classic-bg.jpg]
[mono.flatheme.net/assets/images/business-1-slide-2.jpg]
[mono.flatheme.net/assets/images/portfolio-grid-1.jpg]
[mono.flatheme.net/assets/images/portfolio-grid-2.jpg]
[mono.flatheme.net/assets/images/portfolio-grid-3.jpg]
[mono.flatheme.net/assets/images/portfolio-grid-4.jpg]
[mono.flatheme.net/assets/images/portfolio-grid-5.jpg]
[mono.flatheme.net/assets/images/portfolio-grid-6.jpg]
[mono.flatheme.net/assets/images/corporate-clean-bg.jpg]
[mono.flatheme.net/home/onepage-1.html]
[mono.flatheme.net/assets/images/onepage-minimal-bg.jpg]
[mono.flatheme.net/home/onepage-2.html]
[mono.flatheme.net/assets/images/onepage-personal-bg.jpg]
[mono.flatheme.net/assets/images/onepage-personal-avatar.jpg]
[mono.flatheme.net/home/onepage-personal.html]
[mono.flatheme.net/assets/images/cafe-hero.jpg]
[mono.flatheme.net/assets/images/cafe-about.jpg]
[mono.flatheme.net/assets/images/cafe-testimonial.jpg]
[mono.flatheme.net/home/cafe.html]
[mono.flatheme.net/assets/images/construction-n-slide-1.jpg]
[mono.flatheme.net/assets/images/construction-n-slide-2.jpg]
[mono.flatheme.net/assets/images/construction-n-feature-1.jpg]
[mono.flatheme.net/assets/images/construction-n-feature-2.jpg]
[mono.flatheme.net/assets/images/construction-n-feature-3.jpg]
[mono.flatheme.net/assets/images/construction-n-about.jpg]
[mono.flatheme.net/assets/images/construction-n-parallax.jpg]
[mono.flatheme.net/assets/images/construction-n-p1.jpg]
[mono.flatheme.net/assets/images/construction-n-p2.jpg]
[mono.flatheme.net/assets/images/construction-n-p3.jpg]
[mono.flatheme.net/assets/images/construction-n-p4.jpg]
[mono.flatheme.net/assets/images/construction-n-testimonial.jpg]
[mono.flatheme.net/home/construction.html]
[mono.flatheme.net/assets/images/co-working-bg.jpg]
[mono.flatheme.net/assets/images/co-working-gallery-1.jpg]
[mono.flatheme.net/assets/images/co-working-gallery-2.jpg]
[mono.flatheme.net/assets/images/co-working-gallery-3.jpg]
[mono.flatheme.net/assets/images/co-working-gallery-4.jpg]
[mono.flatheme.net/assets/images/co-working-gallery-5.jpg]
[mono.flatheme.net/assets/images/co-working-gallery-6.jpg]
[mono.flatheme.net/assets/images/co-working-parallax.jpg]
[mono.flatheme.net/assets/images/coworking-2-about-1.jpg]
[mono.flatheme.net/assets/images/coworking-2-about-2.jpg]
[mono.flatheme.net/home/coworking.html]
[mono.flatheme.net/assets/images/developer-avatar.jpg]
[mono.flatheme.net/home/developer.html]
[mono.flatheme.net/assets/images/event-2-home.jpg]
[mono.flatheme.net/assets/images/event-2-gallery-1.jpg]
[mono.flatheme.net/assets/images/event-2-gallery-2.jpg]
[mono.flatheme.net/assets/images/event-2-gallery-3.jpg]
[mono.flatheme.net/assets/images/event-2-gallery-4.jpg]
[mono.flatheme.net/assets/images/team-sq-1.jpg]
[mono.flatheme.net/assets/images/team-sq-2.jpg]
[mono.flatheme.net/assets/images/team-sq-3.jpg]
[mono.flatheme.net/assets/images/team-sq-4.jpg]
[mono.flatheme.net/assets/images/team-sq-5.jpg]
[mono.flatheme.net/assets/images/team-sq-6.jpg]
[mono.flatheme.net/assets/images/team-sq-7.jpg]
[mono.flatheme.net/assets/images/team-sq-8.jpg]
[mono.flatheme.net/assets/images/event-2-parallax.jpg]
[mono.flatheme.net/home/event.html]
[mono.flatheme.net/assets/images/hr-hero-1.jpg]
[mono.flatheme.net/assets/images/hr-hero-2.jpg]
[mono.flatheme.net/assets/images/business-clean-2-about.jpg]
[mono.flatheme.net/assets/images/hr-parallax.jpg]
[mono.flatheme.net/home/human-resources.html]
[mono.flatheme.net/assets/images/interior-n-bg.jpg]
[mono.flatheme.net/assets/images/interior-n-p1.jpg]
[mono.flatheme.net/assets/images/interior-n-p2.jpg]
[mono.flatheme.net/assets/images/interior-n-p3.jpg]
[mono.flatheme.net/assets/images/interior-n-p4.jpg]
[mono.flatheme.net/assets/images/interior-n-testimonial.jpg]
[mono.flatheme.net/home/interior-design.html]
[mono.flatheme.net/assets/images/vector-1.jpg]
[mono.flatheme.net/home/it-services.html]
[mono.flatheme.net/assets/images/restaurant-bg.jpg]
[mono.flatheme.net/assets/images/restaurant-gallery-1.jpg]
[mono.flatheme.net/assets/images/restaurant-gallery-2.jpg]
[mono.flatheme.net/assets/images/restaurant-gallery-3.jpg]
[mono.flatheme.net/assets/images/restaurant-gallery-4.jpg]
[mono.flatheme.net/assets/images/restaurant-parallax.jpg]
[mono.flatheme.net/home/restaurant.html]
[mono.flatheme.net/assets/images/travel-2-home.jpg]
[mono.flatheme.net/assets/images/travel-2-p1.jpg]
[mono.flatheme.net/assets/images/travel-2-p2.jpg]
[mono.flatheme.net/assets/images/travel-2-p3.jpg]
[mono.flatheme.net/assets/images/travel-2-p4.jpg]
[mono.flatheme.net/assets/images/travel-2-p5.jpg]
[mono.flatheme.net/assets/images/travel-2-p6.jpg]
[mono.flatheme.net/assets/images/travel-facts-bg.jpg]
[mono.flatheme.net/assets/images/travel-2-package-1.jpg]
[mono.flatheme.net/assets/images/travel-2-package-2.jpg]
[mono.flatheme.net/assets/images/travel-2-package-3.jpg]
[mono.flatheme.net/assets/images/travel-2-package-4.jpg]
[mono.flatheme.net/assets/images/travel-2-facts.jpg]
[mono.flatheme.net/home/travel.html]
[mono.flatheme.net/assets/plugins/owl-carousel/owl.video.play.html]
